{"success":false,"message":"Lỗi hệ thống: (pyodbc.ProgrammingError) ('42S22', \"[42S22] [Microsoft][ODBC Driver 17 for SQL Server][SQL Server]Invalid column name 'so_tien_khach_tra'. (207) (SQLExecDirectW); [42S22] [Microsoft][ODBC Driver 17 for SQL Server][SQL Server]Invalid column name 'so_tien_tra_lai'. (207)\")\n[SQL: SELECT count(*) AS count_1 \nFROM (SELECT hoa_don.ma_hoa_don AS hoa_don_ma_hoa_don, hoa_don.ma_lich_hen AS hoa_don_ma_lich_hen, hoa_don.ma_khach_hang AS hoa_don_ma_khach_hang, hoa_don.ma_nhan_vien AS hoa_don_ma_nhan_vien, hoa_don.ma_khuyen_mai AS hoa_don_ma_khuyen_mai, hoa_don.tong_tien AS hoa_don_tong_tien, hoa_don.giam_gia AS hoa_don_giam_gia, hoa_don.thue AS hoa_don_thue, hoa_don.so_tien_khach_tra AS hoa_don_so_tien_khach_tra, hoa_don.so_tien_tra_lai AS hoa_don_so_tien_tra_lai, hoa_don.thanh_tien AS hoa_don_thanh_tien, hoa_don.trang_thai AS hoa_don_trang_thai, hoa_don.trang_thai_hd_dien_tu AS hoa_don_trang_thai_hd_dien_tu, hoa_don.ghi_chu AS hoa_don_ghi_chu, hoa_don.ngay_tao AS hoa_don_ngay_tao, hoa_don.ngay_cap_nhat AS hoa_don_ngay_cap_nhat \nFROM hoa_don) AS anon_1]\n(Background on this error at: https://sqlalche.me/e/20/f405)"}